ssh -N -L 8877:r1i5n17:8877 -L 8787:r1i5n17:8787 mdemol@datarmor1-10g
(Change the first port number if it is already used)
Then open the following URLs:
	Jupyter lab: http://localhost:8877
	Dask dashboard: http://localhost:8787
90
91
pb with ds_.min() 484 3 92
92
93
94
95
96
97
98
pb with interp 484 3 99
99
pb with ds_.min() 482 3 50
50
51
52
53
54
55
56
57
58
59
70
71
72
73
74
pb with ds_.min() 483 3 75
75
76
pb with interp 483 3 77
77
78
79
10
11
12
13
pb with interp 479 3 14
14
pb with interp 479 3 15
15
16
17
18
19
40
41
42
43
44
45
46
47
48
49
80
81
82
83
84
85
86
87
88
89
20
21
22
23
pb with ds_.min() 480 3 24
24
25
26
27
28
29
0
1
2
3
4
5
6
7
8
9
30
31
32
33
pb with ds_.min() 481 3 34
34
35
36
37
38
39
60
61
62
63
64
65
66
67
68
69
