ssh -N -L 8877:r1i6n5:8877 -L 8787:r1i6n5:8787 mdemol@datarmor1-10g
(Change the first port number if it is already used)
Then open the following URLs:
	Jupyter lab: http://localhost:8877
	Dask dashboard: http://localhost:8787
2025-07-11 12:53:44,912 ERROR: panel.io.jupyter_server_extension - /home1/datahome/mdemol/.miniconda3/envs/histenv/lib/python3.9/site-packages/dask/config.py:742: FutureWarning: Dask configuration key 'distributed.scheduler.transition-log-length' has been deprecated; please use 'distributed.admin.low-level-log-length' instead
  warnings.warn(
/home1/datahome/mdemol/.miniconda3/envs/histenv/lib/python3.9/site-packages/dask/config.py:742: FutureWarning: Dask configuration key 'distributed.comm.recent-messages-log-length' has been deprecated; please use 'distributed.admin.low-level-log-length' instead
  warnings.warn(

2025-07-11 12:53:45,166 ERROR: panel.io.jupyter_server_extension - /home1/datahome/mdemol/.miniconda3/envs/histenv/lib/python3.9/site-packages/dask_jobqueue/core.py:237: FutureWarning: extra has been renamed to worker_extra_args. You are still using it (even if only set to []; please also check config files). If you did not set worker_extra_args yet, extra will be respected for now, but it will be removed in a future release. If you already set worker_extra_args, extra is ignored and you can remove it.
  warnings.warn(warn, FutureWarning)
/home1/datahome/mdemol/.miniconda3/envs/histenv/lib/python3.9/site-packages/dask_jobqueue/core.py:255: FutureWarning: job_extra has been renamed to job_extra_directives. You are still using it (even if only set to []; please also check config files). If you did not set job_extra_directives yet, job_extra will be respected for now, but it will be removed in a future release. If you already set job_extra_directives, job_extra is ignored and you can remove it.
  warnings.warn(warn, FutureWarning)
/home1/datahome/mdemol/.miniconda3/envs/histenv/lib/python3.9/site-packages/dask_jobqueue/core.py:274: FutureWarning: env_extra has been renamed to job_script_prologue. You are still using it (even if only set to []; please also check config files). If you did not set job_script_prologue yet, env_extra will be respected for now, but it will be removed in a future release. If you already set job_script_prologue, env_extra is ignored and you can remove it.
  warnings.warn(warn, FutureWarning)
/home1/datahome/mdemol/.miniconda3/envs/histenv/lib/python3.9/site-packages/distributed/node.py:182: UserWarning: Port 8787 is already in use.
Perhaps you already have a cluster running?
Hosting the HTTP server on port 59555 instead
  warnings.warn(
/home1/datahome/mdemol/.miniconda3/envs/histenv/lib/python3.9/site-packages/dask_jobqueue/core.py:237: FutureWarning: extra has been renamed to worker_extra_args. You are still using it (even if only set to []; please also check config files). If you did not set worker_extra_args yet, extra will be respected for now, but it will be removed in a future release. If you already set worker_extra_args, extra is ignored and you can remove it.
  warnings.warn(warn, FutureWarning)
/home1/datahome/mdemol/.miniconda3/envs/histenv/lib/python3.9/site-packages/dask_jobqueue/core.py:255: FutureWarning: job_extra has been renamed to job_extra_directives. You are still using it (even if only set to []; please also check config files). If you did not set job_extra_directives yet, job_extra will be respected for now, but it will be removed in a future release. If you already set job_extra_directives, job_extra is ignored and you can remove it.
  warnings.warn(warn, FutureWarning)
/home1/datahome/mdemol/.miniconda3/envs/histenv/lib/python3.9/site-packages/dask_jobqueue/core.py:274: FutureWarning: env_extra has been renamed to job_script_prologue. You are still using it (even if only set to []; please also check config files). If you did not set job_script_prologue yet, env_extra will be respected for now, but it will be removed in a future release. If you already set job_script_prologue, env_extra is ignored and you can remove it.
  warnings.warn(warn, FutureWarning)

